2025-12-18 12:15:56 GMT [1]: [3-1] user=,db=,app=,client= LOG:  starting PostgreSQL 15.15 (Debian 15.15-1.pgdg13+1) on x86_64-pc-linux-gnu, compiled by gcc (Debian 14.2.0-19) 14.2.0, 64-bit
2025-12-18 12:15:56 GMT [1]: [4-1] user=,db=,app=,client= LOG:  listening on IPv4 address "0.0.0.0", port 5432
2025-12-18 12:15:56 GMT [1]: [5-1] user=,db=,app=,client= LOG:  listening on IPv6 address "::", port 5432
2025-12-18 12:15:56 GMT [1]: [6-1] user=,db=,app=,client= LOG:  listening on Unix socket "/var/run/postgresql/.s.PGSQL.5432"
2025-12-18 12:15:56 GMT [30]: [1-1] user=,db=,app=,client= LOG:  database system was interrupted; last known up at 2025-12-18 12:15:54 GMT
2025-12-18 12:15:56 GMT [30]: [2-1] user=,db=,app=,client= LOG:  database system was not properly shut down; automatic recovery in progress
2025-12-18 12:15:56 GMT [30]: [3-1] user=,db=,app=,client= LOG:  redo starts at 0/1509EE8
2025-12-18 12:15:56 GMT [30]: [4-1] user=,db=,app=,client= LOG:  invalid record length at 0/1988C30: wanted 24, got 0
2025-12-18 12:15:56 GMT [30]: [5-1] user=,db=,app=,client= LOG:  redo done at 0/1988BD8 system usage: CPU: user: 0.00 s, system: 0.01 s, elapsed: 0.02 s
2025-12-18 12:15:56 GMT [28]: [1-1] user=,db=,app=,client= LOG:  checkpoint starting: end-of-recovery immediate wait
2025-12-18 12:15:56 GMT [28]: [2-1] user=,db=,app=,client= LOG:  checkpoint complete: wrote 979 buffers (6.0%); 0 WAL file(s) added, 0 removed, 0 recycled; write=0.019 s, sync=0.083 s, total=0.111 s; sync files=342, longest=0.012 s, average=0.001 s; distance=4603 kB, estimate=4603 kB
2025-12-18 12:15:56 GMT [1]: [7-1] user=,db=,app=,client= LOG:  database system is ready to accept connections
2025-12-18 12:16:01 GMT [41]: [1-1] user=[unknown],db=[unknown],app=[unknown],client=[local] LOG:  connection received: host=[local]
2025-12-18 12:16:01 GMT [41]: [2-1] user=Secret,db=databasesecret,app=[unknown],client=[local] LOG:  connection authorized: user=Secret database=databasesecret application_name=pg_isready
2025-12-18 12:16:01 GMT [41]: [3-1] user=Secret,db=databasesecret,app=pg_isready,client=[local] LOG:  disconnection: session time: 0:00:00.003 user=Secret database=databasesecret host=[local]
2025-12-18 12:16:11 GMT [49]: [1-1] user=[unknown],db=[unknown],app=[unknown],client=[local] LOG:  connection received: host=[local]
2025-12-18 12:16:11 GMT [49]: [2-1] user=Secret,db=databasesecret,app=[unknown],client=[local] LOG:  connection authorized: user=Secret database=databasesecret application_name=pg_isready
2025-12-18 12:16:11 GMT [49]: [3-1] user=Secret,db=databasesecret,app=pg_isready,client=[local] LOG:  disconnection: session time: 0:00:00.002 user=Secret database=databasesecret host=[local]
2025-12-18 12:16:21 GMT [57]: [1-1] user=[unknown],db=[unknown],app=[unknown],client=[local] LOG:  connection received: host=[local]
2025-12-18 12:16:21 GMT [57]: [2-1] user=Secret,db=databasesecret,app=[unknown],client=[local] LOG:  connection authorized: user=Secret database=databasesecret application_name=pg_isready
2025-12-18 12:16:21 GMT [57]: [3-1] user=Secret,db=databasesecret,app=pg_isready,client=[local] LOG:  disconnection: session time: 0:00:00.002 user=Secret database=databasesecret host=[local]
2025-12-18 12:16:31 GMT [65]: [1-1] user=[unknown],db=[unknown],app=[unknown],client=[local] LOG:  connection received: host=[local]
2025-12-18 12:16:31 GMT [65]: [2-1] user=Secret,db=databasesecret,app=[unknown],client=[local] LOG:  connection authorized: user=Secret database=databasesecret application_name=pg_isready
2025-12-18 12:16:31 GMT [65]: [3-1] user=Secret,db=databasesecret,app=pg_isready,client=[local] LOG:  disconnection: session time: 0:00:00.017 user=Secret database=databasesecret host=[local]
2025-12-18 12:16:41 GMT [73]: [1-1] user=[unknown],db=[unknown],app=[unknown],client=[local] LOG:  connection received: host=[local]
2025-12-18 12:16:41 GMT [73]: [2-1] user=Secret,db=databasesecret,app=[unknown],client=[local] LOG:  connection authorized: user=Secret database=databasesecret application_name=pg_isready
2025-12-18 12:16:41 GMT [73]: [3-1] user=Secret,db=databasesecret,app=pg_isready,client=[local] LOG:  disconnection: session time: 0:00:00.002 user=Secret database=databasesecret host=[local]
2025-12-18 12:16:51 GMT [81]: [1-1] user=[unknown],db=[unknown],app=[unknown],client=[local] LOG:  connection received: host=[local]
2025-12-18 12:16:51 GMT [81]: [2-1] user=Secret,db=databasesecret,app=[unknown],client=[local] LOG:  connection authorized: user=Secret database=databasesecret application_name=pg_isready
2025-12-18 12:16:51 GMT [81]: [3-1] user=Secret,db=databasesecret,app=pg_isready,client=[local] LOG:  disconnection: session time: 0:00:00.002 user=Secret database=databasesecret host=[local]
2025-12-18 12:17:01 GMT [90]: [1-1] user=[unknown],db=[unknown],app=[unknown],client=[local] LOG:  connection received: host=[local]
2025-12-18 12:17:01 GMT [90]: [2-1] user=Secret,db=databasesecret,app=[unknown],client=[local] LOG:  connection authorized: user=Secret database=databasesecret application_name=pg_isready
2025-12-18 12:17:01 GMT [90]: [3-1] user=Secret,db=databasesecret,app=pg_isready,client=[local] LOG:  disconnection: session time: 0:00:00.001 user=Secret database=databasesecret host=[local]
2025-12-18 12:17:12 GMT [98]: [1-1] user=[unknown],db=[unknown],app=[unknown],client=[local] LOG:  connection received: host=[local]
2025-12-18 12:17:12 GMT [98]: [2-1] user=Secret,db=databasesecret,app=[unknown],client=[local] LOG:  connection authorized: user=Secret database=databasesecret application_name=pg_isready
2025-12-18 12:17:12 GMT [98]: [3-1] user=Secret,db=databasesecret,app=pg_isready,client=[local] LOG:  disconnection: session time: 0:00:00.010 user=Secret database=databasesecret host=[local]
2025-12-18 12:17:22 GMT [106]: [1-1] user=[unknown],db=[unknown],app=[unknown],client=[local] LOG:  connection received: host=[local]
2025-12-18 12:17:22 GMT [106]: [2-1] user=Secret,db=databasesecret,app=[unknown],client=[local] LOG:  connection authorized: user=Secret database=databasesecret application_name=pg_isready
2025-12-18 12:17:22 GMT [106]: [3-1] user=Secret,db=databasesecret,app=pg_isready,client=[local] LOG:  disconnection: session time: 0:00:00.014 user=Secret database=databasesecret host=[local]
2025-12-18 12:17:32 GMT [114]: [1-1] user=[unknown],db=[unknown],app=[unknown],client=[local] LOG:  connection received: host=[local]
2025-12-18 12:17:32 GMT [114]: [2-1] user=Secret,db=databasesecret,app=[unknown],client=[local] LOG:  connection authorized: user=Secret database=databasesecret application_name=pg_isready
2025-12-18 12:17:32 GMT [114]: [3-1] user=Secret,db=databasesecret,app=pg_isready,client=[local] LOG:  disconnection: session time: 0:00:00.001 user=Secret database=databasesecret host=[local]
2025-12-18 12:17:43 GMT [122]: [1-1] user=[unknown],db=[unknown],app=[unknown],client=[local] LOG:  connection received: host=[local]
2025-12-18 12:17:43 GMT [122]: [2-1] user=Secret,db=databasesecret,app=[unknown],client=[local] LOG:  connection authorized: user=Secret database=databasesecret application_name=pg_isready
2025-12-18 12:17:43 GMT [122]: [3-1] user=Secret,db=databasesecret,app=pg_isready,client=[local] LOG:  disconnection: session time: 0:00:00.002 user=Secret database=databasesecret host=[local]
2025-12-18 12:17:53 GMT [130]: [1-1] user=[unknown],db=[unknown],app=[unknown],client=[local] LOG:  connection received: host=[local]
2025-12-18 12:17:53 GMT [130]: [2-1] user=Secret,db=databasesecret,app=[unknown],client=[local] LOG:  connection authorized: user=Secret database=databasesecret application_name=pg_isready
2025-12-18 12:17:53 GMT [130]: [3-1] user=Secret,db=databasesecret,app=pg_isready,client=[local] LOG:  disconnection: session time: 0:00:00.002 user=Secret database=databasesecret host=[local]
2025-12-18 12:18:03 GMT [139]: [1-1] user=[unknown],db=[unknown],app=[unknown],client=[local] LOG:  connection received: host=[local]
2025-12-18 12:18:03 GMT [139]: [2-1] user=Secret,db=databasesecret,app=[unknown],client=[local] LOG:  connection authorized: user=Secret database=databasesecret application_name=pg_isready
2025-12-18 12:18:03 GMT [139]: [3-1] user=Secret,db=databasesecret,app=pg_isready,client=[local] LOG:  disconnection: session time: 0:00:00.002 user=Secret database=databasesecret host=[local]
2025-12-18 12:18:13 GMT [147]: [1-1] user=[unknown],db=[unknown],app=[unknown],client=[local] LOG:  connection received: host=[local]
2025-12-18 12:18:13 GMT [147]: [2-1] user=Secret,db=databasesecret,app=[unknown],client=[local] LOG:  connection authorized: user=Secret database=databasesecret application_name=pg_isready
2025-12-18 12:18:13 GMT [147]: [3-1] user=Secret,db=databasesecret,app=pg_isready,client=[local] LOG:  disconnection: session time: 0:00:00.002 user=Secret database=databasesecret host=[local]
2025-12-18 12:18:23 GMT [155]: [1-1] user=[unknown],db=[unknown],app=[unknown],client=[local] LOG:  connection received: host=[local]
2025-12-18 12:18:23 GMT [155]: [2-1] user=Secret,db=databasesecret,app=[unknown],client=[local] LOG:  connection authorized: user=Secret database=databasesecret application_name=pg_isready
2025-12-18 12:18:23 GMT [155]: [3-1] user=Secret,db=databasesecret,app=pg_isready,client=[local] LOG:  disconnection: session time: 0:00:00.002 user=Secret database=databasesecret host=[local]
2025-12-18 12:18:33 GMT [163]: [1-1] user=[unknown],db=[unknown],app=[unknown],client=[local] LOG:  connection received: host=[local]
2025-12-18 12:18:33 GMT [163]: [2-1] user=Secret,db=databasesecret,app=[unknown],client=[local] LOG:  connection authorized: user=Secret database=databasesecret application_name=pg_isready
2025-12-18 12:18:33 GMT [163]: [3-1] user=Secret,db=databasesecret,app=pg_isready,client=[local] LOG:  disconnection: session time: 0:00:00.002 user=Secret database=databasesecret host=[local]
2025-12-18 12:18:43 GMT [171]: [1-1] user=[unknown],db=[unknown],app=[unknown],client=[local] LOG:  connection received: host=[local]
2025-12-18 12:18:43 GMT [171]: [2-1] user=Secret,db=databasesecret,app=[unknown],client=[local] LOG:  connection authorized: user=Secret database=databasesecret application_name=pg_isready
2025-12-18 12:18:43 GMT [171]: [3-1] user=Secret,db=databasesecret,app=pg_isready,client=[local] LOG:  disconnection: session time: 0:00:00.002 user=Secret database=databasesecret host=[local]
2025-12-18 12:18:53 GMT [179]: [1-1] user=[unknown],db=[unknown],app=[unknown],client=[local] LOG:  connection received: host=[local]
2025-12-18 12:18:53 GMT [179]: [2-1] user=Secret,db=databasesecret,app=[unknown],client=[local] LOG:  connection authorized: user=Secret database=databasesecret application_name=pg_isready
2025-12-18 12:18:53 GMT [179]: [3-1] user=Secret,db=databasesecret,app=pg_isready,client=[local] LOG:  disconnection: session time: 0:00:00.001 user=Secret database=databasesecret host=[local]
2025-12-18 12:19:03 GMT [188]: [1-1] user=[unknown],db=[unknown],app=[unknown],client=[local] LOG:  connection received: host=[local]
2025-12-18 12:19:03 GMT [188]: [2-1] user=Secret,db=databasesecret,app=[unknown],client=[local] LOG:  connection authorized: user=Secret database=databasesecret application_name=pg_isready
2025-12-18 12:19:03 GMT [188]: [3-1] user=Secret,db=databasesecret,app=pg_isready,client=[local] LOG:  disconnection: session time: 0:00:00.002 user=Secret database=databasesecret host=[local]
2025-12-18 12:19:13 GMT [196]: [1-1] user=[unknown],db=[unknown],app=[unknown],client=[local] LOG:  connection received: host=[local]
2025-12-18 12:19:13 GMT [196]: [2-1] user=Secret,db=databasesecret,app=[unknown],client=[local] LOG:  connection authorized: user=Secret database=databasesecret application_name=pg_isready
2025-12-18 12:19:13 GMT [196]: [3-1] user=Secret,db=databasesecret,app=pg_isready,client=[local] LOG:  disconnection: session time: 0:00:00.002 user=Secret database=databasesecret host=[local]
2025-12-18 12:19:23 GMT [204]: [1-1] user=[unknown],db=[unknown],app=[unknown],client=[local] LOG:  connection received: host=[local]
2025-12-18 12:19:23 GMT [204]: [2-1] user=Secret,db=databasesecret,app=[unknown],client=[local] LOG:  connection authorized: user=Secret database=databasesecret application_name=pg_isready
2025-12-18 12:19:23 GMT [204]: [3-1] user=Secret,db=databasesecret,app=pg_isready,client=[local] LOG:  disconnection: session time: 0:00:00.002 user=Secret database=databasesecret host=[local]
2025-12-18 12:19:34 GMT [212]: [1-1] user=[unknown],db=[unknown],app=[unknown],client=[local] LOG:  connection received: host=[local]
2025-12-18 12:19:34 GMT [212]: [2-1] user=Secret,db=databasesecret,app=[unknown],client=[local] LOG:  connection authorized: user=Secret database=databasesecret application_name=pg_isready
2025-12-18 12:19:34 GMT [212]: [3-1] user=Secret,db=databasesecret,app=pg_isready,client=[local] LOG:  disconnection: session time: 0:00:00.002 user=Secret database=databasesecret host=[local]
2025-12-18 12:19:40 GMT [1]: [8-1] user=,db=,app=,client= LOG:  received fast shutdown request
2025-12-18 12:19:40 GMT [1]: [9-1] user=,db=,app=,client= LOG:  aborting any active transactions
2025-12-18 12:19:40 GMT [1]: [10-1] user=,db=,app=,client= LOG:  background worker "logical replication launcher" (PID 33) exited with exit code 1
2025-12-18 12:19:40 GMT [28]: [3-1] user=,db=,app=,client= LOG:  shutting down
2025-12-18 12:19:40 GMT [28]: [4-1] user=,db=,app=,client= LOG:  checkpoint starting: shutdown immediate
2025-12-18 12:19:40 GMT [28]: [5-1] user=,db=,app=,client= LOG:  checkpoint complete: wrote 9 buffers (0.1%); 0 WAL file(s) added, 0 removed, 0 recycled; write=0.044 s, sync=0.004 s, total=0.081 s; sync files=5, longest=0.003 s, average=0.001 s; distance=5 kB, estimate=4143 kB
2025-12-18 12:19:40 GMT [1]: [11-1] user=,db=,app=,client= LOG:  database system is shut down
