2025-12-18 10:50:45 GMT [49]: [3-1] user=,db=,app=,client= LOG:  starting PostgreSQL 15.15 (Debian 15.15-1.pgdg13+1) on x86_64-pc-linux-gnu, compiled by gcc (Debian 14.2.0-19) 14.2.0, 64-bit
2025-12-18 10:50:45 GMT [49]: [4-1] user=,db=,app=,client= LOG:  listening on Unix socket "/var/run/postgresql/.s.PGSQL.5432"
2025-12-18 10:50:45 GMT [53]: [1-1] user=,db=,app=,client= LOG:  database system was shut down at 2025-12-18 10:50:45 GMT
2025-12-18 10:50:45 GMT [49]: [5-1] user=,db=,app=,client= LOG:  database system is ready to accept connections
2025-12-18 10:50:46 GMT [59]: [1-1] user=[unknown],db=[unknown],app=[unknown],client=[local] LOG:  connection received: host=[local]
2025-12-18 10:50:46 GMT [59]: [2-1] user=Secret,db=postgres,app=[unknown],client=[local] LOG:  connection authorized: user=Secret database=postgres application_name=psql
2025-12-18 10:50:46 GMT [59]: [3-1] user=Secret,db=postgres,app=psql,client=[local] LOG:  disconnection: session time: 0:00:00.011 user=Secret database=postgres host=[local]
2025-12-18 10:50:46 GMT [61]: [1-1] user=[unknown],db=[unknown],app=[unknown],client=[local] LOG:  connection received: host=[local]
2025-12-18 10:50:46 GMT [61]: [2-1] user=Secret,db=postgres,app=[unknown],client=[local] LOG:  connection authorized: user=Secret database=postgres application_name=psql
2025-12-18 10:50:46 GMT [61]: [3-1] user=Secret,db=postgres,app=psql,client=[local] LOG:  disconnection: session time: 0:00:00.085 user=Secret database=postgres host=[local]
2025-12-18 10:50:46 GMT [63]: [1-1] user=[unknown],db=[unknown],app=[unknown],client=[local] LOG:  connection received: host=[local]
2025-12-18 10:50:46 GMT [63]: [2-1] user=Secret,db=databasesecret,app=[unknown],client=[local] LOG:  connection authorized: user=Secret database=databasesecret application_name=psql
2025-12-18 10:50:46 GMT [63]: [3-1] user=Secret,db=databasesecret,app=psql,client=[local] LOG:  disconnection: session time: 0:00:00.027 user=Secret database=databasesecret host=[local]
2025-12-18 10:50:46 GMT [65]: [1-1] user=[unknown],db=[unknown],app=[unknown],client=[local] LOG:  connection received: host=[local]
2025-12-18 10:50:46 GMT [65]: [2-1] user=Secret,db=databasesecret,app=[unknown],client=[local] LOG:  connection authorized: user=Secret database=databasesecret application_name=psql
2025-12-18 10:50:46 GMT [65]: [3-1] user=Secret,db=databasesecret,app=psql,client=[local] LOG:  duration: 405.867 ms  statement: CREATE TABLE IF NOT EXISTS client (
		id UUID PRIMARY KEY DEFAULT gen_random_uuid(),
	    name TEXT NOT NULL CHECK (
			length(name) >= 4 AND length(name) <= 50
		),
		email TEXT UNIQUE NOT NULL CHECK (
			length(email) >= 5 AND length(email) <= 100
		),
		password_hash TEXT NOT NULL CHECK (
			length(password_hash) <= 120
		),
		img_path VARCHAR(120),
		user_first_name VARCHAR(20),
		user_second_name VARCHAR(20),
		company VARCHAR(80),
		phone_number VARCHAR(30),
	    created_at TIMESTAMP NOT NULL DEFAULT CURRENT_TIMESTAMP,
	    updated_at TIMESTAMP NOT NULL DEFAULT CURRENT_TIMESTAMP
	);
2025-12-18 10:50:47 GMT [65]: [4-1] user=Secret,db=databasesecret,app=psql,client=[local] LOG:  disconnection: session time: 0:00:00.895 user=Secret database=databasesecret host=[local]
2025-12-18 10:50:47 GMT [67]: [1-1] user=[unknown],db=[unknown],app=[unknown],client=[local] LOG:  connection received: host=[local]
2025-12-18 10:50:47 GMT [67]: [2-1] user=Secret,db=databasesecret,app=[unknown],client=[local] LOG:  connection authorized: user=Secret database=databasesecret application_name=psql
2025-12-18 10:50:47 GMT [67]: [3-1] user=Secret,db=databasesecret,app=psql,client=[local] ERROR:  database "${POSTGRES_DB}" does not exist
2025-12-18 10:50:47 GMT [67]: [4-1] user=Secret,db=databasesecret,app=psql,client=[local] STATEMENT:  GRANT CONNECT ON DATABASE "${POSTGRES_DB}" TO app_user;
2025-12-18 10:50:47 GMT [67]: [5-1] user=Secret,db=databasesecret,app=psql,client=[local] LOG:  disconnection: session time: 0:00:00.054 user=Secret database=databasesecret host=[local]
