2025-12-18 12:13:54 GMT [48]: [3-1] user=,db=,app=,client= LOG:  starting PostgreSQL 15.15 (Debian 15.15-1.pgdg13+1) on x86_64-pc-linux-gnu, compiled by gcc (Debian 14.2.0-19) 14.2.0, 64-bit
2025-12-18 12:13:54 GMT [48]: [4-1] user=,db=,app=,client= LOG:  listening on Unix socket "/var/run/postgresql/.s.PGSQL.5432"
2025-12-18 12:13:54 GMT [52]: [1-1] user=,db=,app=,client= LOG:  database system was shut down at 2025-12-18 12:13:54 GMT
2025-12-18 12:13:54 GMT [48]: [5-1] user=,db=,app=,client= LOG:  database system is ready to accept connections
2025-12-18 12:13:54 GMT [58]: [1-1] user=[unknown],db=[unknown],app=[unknown],client=[local] LOG:  connection received: host=[local]
2025-12-18 12:13:54 GMT [58]: [2-1] user=Secret,db=postgres,app=[unknown],client=[local] LOG:  connection authorized: user=Secret database=postgres application_name=psql
2025-12-18 12:13:54 GMT [58]: [3-1] user=Secret,db=postgres,app=psql,client=[local] LOG:  disconnection: session time: 0:00:00.011 user=Secret database=postgres host=[local]
2025-12-18 12:13:54 GMT [60]: [1-1] user=[unknown],db=[unknown],app=[unknown],client=[local] LOG:  connection received: host=[local]
2025-12-18 12:13:54 GMT [60]: [2-1] user=Secret,db=postgres,app=[unknown],client=[local] LOG:  connection authorized: user=Secret database=postgres application_name=psql
2025-12-18 12:13:54 GMT [60]: [3-1] user=Secret,db=postgres,app=psql,client=[local] LOG:  disconnection: session time: 0:00:00.078 user=Secret database=postgres host=[local]
2025-12-18 12:13:54 GMT [62]: [1-1] user=[unknown],db=[unknown],app=[unknown],client=[local] LOG:  connection received: host=[local]
2025-12-18 12:13:54 GMT [62]: [2-1] user=Secret,db=databasesecret,app=[unknown],client=[local] LOG:  connection authorized: user=Secret database=databasesecret application_name=psql
2025-12-18 12:13:54 GMT [62]: [3-1] user=Secret,db=databasesecret,app=psql,client=[local] LOG:  disconnection: session time: 0:00:00.076 user=Secret database=databasesecret host=[local]
2025-12-18 12:13:55 GMT [64]: [1-1] user=[unknown],db=[unknown],app=[unknown],client=[local] LOG:  connection received: host=[local]
2025-12-18 12:13:55 GMT [64]: [2-1] user=Secret,db=databasesecret,app=[unknown],client=[local] LOG:  connection authorized: user=Secret database=databasesecret application_name=psql
2025-12-18 12:13:55 GMT [64]: [3-1] user=Secret,db=databasesecret,app=psql,client=[local] LOG:  disconnection: session time: 0:00:00.142 user=Secret database=databasesecret host=[local]
2025-12-18 12:13:55 GMT [66]: [1-1] user=[unknown],db=[unknown],app=[unknown],client=[local] LOG:  connection received: host=[local]
2025-12-18 12:13:55 GMT [66]: [2-1] user=Secret,db=databasesecret,app=[unknown],client=[local] LOG:  connection authorized: user=Secret database=databasesecret application_name=psql
2025-12-18 12:13:55 GMT [66]: [3-1] user=Secret,db=databasesecret,app=psql,client=[local] ERROR:  database "${POSTGRES_DB}" does not exist
2025-12-18 12:13:55 GMT [66]: [4-1] user=Secret,db=databasesecret,app=psql,client=[local] STATEMENT:  GRANT CONNECT ON DATABASE "${POSTGRES_DB}" TO app_user;
2025-12-18 12:13:55 GMT [66]: [5-1] user=Secret,db=databasesecret,app=psql,client=[local] LOG:  disconnection: session time: 0:00:00.045 user=Secret database=databasesecret host=[local]
